V3 3
FL C:/Users/alu0101101507/decodificador/decodificador.vhd 2018/03/07.18:46:18 M.81d
EN work/decodificador 1520944067 \
      FL C:/Users/alu0101101507/decodificador/decodificador.vhd \
      PB ieee/std_logic_1164 1290154108
AR work/decodificador/Behavioral 1520944068 \
      FL C:/Users/alu0101101507/decodificador/decodificador.vhd \
      EN work/decodificador 1520944067
