V3 4
FL "//siga01.stic.ull.es/alu0101128894/private/Documentos/Sistemas Electronicos Digitales/P2/SED/p2_sed/p2_sed.vhd" 2018/03/14.14:47:36 M.81d
EN work/descodificador 1524576807 \
      FL "//siga01.stic.ull.es/alu0101128894/private/Documentos/Sistemas Electronicos Digitales/P2/SED/p2_sed/p2_sed.vhd" \
      PB ieee/std_logic_1164 1290154108
AR work/descodificador/Behavioral 1524576808 \
      FL "//siga01.stic.ull.es/alu0101128894/private/Documentos/Sistemas Electronicos Digitales/P2/SED/p2_sed/p2_sed.vhd" \
      EN work/descodificador 1524576807
FL C:/SED/p2_sed/p2_sed.vhd 2018/03/14.13:47:36 M.81d
